src/app/actions.ts(61,69): error TS2769: No overload matches this call.
  Overload 1 of 2, '(values: never, options?: { count?: "exact" | "planned" | "estimated" | undefined; } | undefined): PostgrestFilterBuilder<{ PostgrestVersion: "12"; }, never, never, null, "arguments", never, "POST">', gave the following error.
    Argument of type '{ debate_id: string; user_id: string; side: "pro" | "con"; claim: string; reason: string; conclusion: string; score: number; feedback: string; }' is not assignable to parameter of type 'never'.
  Overload 2 of 2, '(values: never[], options?: { count?: "exact" | "planned" | "estimated" | undefined; defaultToNull?: boolean | undefined; } | undefined): PostgrestFilterBuilder<{ PostgrestVersion: "12"; }, never, never, null, "arguments", never, "POST">', gave the following error.
    Object literal may only specify known properties, and 'debate_id' does not exist in type 'never[]'.
src/app/actions.ts(125,43): error TS2339: Property 'side' does not exist on type 'never'.
src/app/actions.ts(126,43): error TS2339: Property 'side' does not exist on type 'never'.
